{
  "components": [{
    "def_type": "TransformDef",
    "def": {
    }
  }, {
    "def_type": "RenderDef",
    "def": {
    }
  }, {
    "def_type": "ButtonDef",
    "def": {
    }
  }, {
    "def_type": "ReticleDef",
    "def": {
      "diameter": 0.3,
      "thickness": 0.1
    }
  }, {
    "def_type": "AnimationResponseDef",
    "def": {
      "inputs": [{
        "event": "lull::StopHoverEvent",
        "local": true
      }],
      "animation": {
        "targets": [{
          "channel": "transform-scale",
          "values": [1.2, 1.2, 1.2],
          "time_ms": 300
        }]
      }
    }
  }, {
    "def_type": "AnimationResponseDef",
    "def": {
      "inputs": [{
        "event": "lull::StartHoverEvent",
        "local": true
      }],
      "animation": {
        "targets": [{
          "channel": "transform-scale",
          "values": [1.0, 1.0, 1.0],
          "time_ms": 200
        }]
      }
    }
  }, {
    "def_type": "AnimationResponseDef",
    "def": {
      "inputs": [{
        "event": "lull::ClickEvent",
        "local": true
      }],
      "animation": {
        "targets": [{
          "channel": "transform-scale",
          "values": [1.5, 1.5, 1.5],
          "time_ms": 200
        }]
      }
    }
  }]
}
